// Jest Snapshot v1, https://goo.gl/fbAQLP

exports[` 1`] = `
<div>
  <header
    class="okx-header"
  >
    <div
      class="logo-wrapper"
    >
      <img
        alt="OKX"
        data-nimg="1"
        decoding="async"
        height="36"
        loading="lazy"
        src="/_next/image?url=%2Fimages%2Flogo.png&w=256&q=75"
        srcset="/_next/image?url=%2Fimages%2Flogo.png&w=96&q=75 1x, /_next/image?url=%2Fimages%2Flogo.png&w=256&q=75 2x"
        style="color: transparent;"
        width="82"
      />
    </div>
    <div
      class="navs"
    >
      <div
        class="collpase-wrapper"
      >
        <div
          class="nav-item sm-screen-hidden"
        >
          <span>
            header_buy_crypto
          </span>
          <span
            class="title-arrow okx-header-footer-arrow-chevrons-down"
          />
        </div>
        <div
          class="collpase-menu collpase-center"
        >
          <div
            class="menu-item"
          >
            <div
              class="menu-item__icon  okx-header-footer-buy-with-card"
            />
            <div
              class="menu-item__text"
            >
              <div
                class="title"
              >
                header_buy_with_card
              </div>
              <div
                class="sub-title"
              >
                header_buy_with_other
              </div>
            </div>
          </div>
          <div
            class="menu-item"
          >
            <div
              class="menu-item__icon  okx-header-footer-p2p-trading"
            />
            <div
              class="menu-item__text"
            >
              <div
                class="title"
              >
                header_p2p
              </div>
              <div
                class="sub-title"
              >
                header_p2p_rate
              </div>
            </div>
          </div>
          <div
            class="menu-item"
          >
            <div
              class="menu-item__icon  okx-header-footer-third-party-payment"
            />
            <div
              class="menu-item__text"
            >
              <div
                class="title"
              >
                header_third_pay
              </div>
              <div
                class="sub-title"
              >
                header_third_pay_type
              </div>
            </div>
          </div>
        </div>
      </div>
      <div
        class="collpase-wrapper"
      >
        <div
          class="nav-item sm-screen-hidden"
        >
          <span>
            header_discover
          </span>
          <span
            class="title-arrow okx-header-footer-arrow-chevrons-down"
          />
        </div>
        <div
          class="collpase-menu collpase-center"
        >
          <div
            class="menu-item"
          >
            <div
              class="menu-item__icon  okx-header-footer-buy-with-card"
            />
            <div
              class="menu-item__text"
            >
              <div
                class="title"
              >
                header_buy_with_card
              </div>
              <div
                class="sub-title"
              >
                header_buy_with_other
              </div>
            </div>
          </div>
          <div
            class="menu-item"
          >
            <div
              class="menu-item__icon  okx-header-footer-p2p-trading"
            />
            <div
              class="menu-item__text"
            >
              <div
                class="title"
              >
                header_p2p
              </div>
              <div
                class="sub-title"
              >
                header_p2p_rate
              </div>
            </div>
          </div>
          <div
            class="menu-item"
          >
            <div
              class="menu-item__icon  okx-header-footer-third-party-payment"
            />
            <div
              class="menu-item__text"
            >
              <div
                class="title"
              >
                header_third_pay
              </div>
              <div
                class="sub-title"
              >
                header_third_pay_type
              </div>
            </div>
          </div>
        </div>
      </div>
      <div
        class="collpase-wrapper"
      >
        <div
          class="nav-item sm-screen-hidden"
        >
          <span>
            header_trade
          </span>
          <span
            class="title-arrow okx-header-footer-arrow-chevrons-down"
          />
        </div>
        <div
          class="collpase-menu collpase-center"
        >
          <div
            class="menu-item"
          >
            <div
              class="menu-item__icon  okx-header-footer-buy-with-card"
            />
            <div
              class="menu-item__text"
            >
              <div
                class="title"
              >
                header_buy_with_card
              </div>
              <div
                class="sub-title"
              >
                header_buy_with_other
              </div>
            </div>
          </div>
          <div
            class="menu-item"
          >
            <div
              class="menu-item__icon  okx-header-footer-p2p-trading"
            />
            <div
              class="menu-item__text"
            >
              <div
                class="title"
              >
                header_p2p
              </div>
              <div
                class="sub-title"
              >
                header_p2p_rate
              </div>
            </div>
          </div>
          <div
            class="menu-item"
          >
            <div
              class="menu-item__icon  okx-header-footer-third-party-payment"
            />
            <div
              class="menu-item__text"
            >
              <div
                class="title"
              >
                header_third_pay
              </div>
              <div
                class="sub-title"
              >
                header_third_pay_type
              </div>
            </div>
          </div>
        </div>
      </div>
      <div
        class="collpase-wrapper"
      >
        <div
          class="nav-item sm-screen-hidden"
        >
          <span>
            header_grow
          </span>
          <span
            class="title-arrow okx-header-footer-arrow-chevrons-down"
          />
        </div>
        <div
          class="collpase-menu collpase-center"
        >
          <div
            class="menu-item"
          >
            <div
              class="menu-item__icon  okx-header-footer-buy-with-card"
            />
            <div
              class="menu-item__text"
            >
              <div
                class="title"
              >
                header_buy_with_card
              </div>
              <div
                class="sub-title"
              >
                header_buy_with_other
              </div>
            </div>
          </div>
          <div
            class="menu-item"
          >
            <div
              class="menu-item__icon  okx-header-footer-p2p-trading"
            />
            <div
              class="menu-item__text"
            >
              <div
                class="title"
              >
                header_p2p
              </div>
              <div
                class="sub-title"
              >
                header_p2p_rate
              </div>
            </div>
          </div>
          <div
            class="menu-item"
          >
            <div
              class="menu-item__icon  okx-header-footer-third-party-payment"
            />
            <div
              class="menu-item__text"
            >
              <div
                class="title"
              >
                header_third_pay
              </div>
              <div
                class="sub-title"
              >
                header_third_pay_type
              </div>
            </div>
          </div>
        </div>
      </div>
      <div
        class="collpase-wrapper"
      >
        <div
          class="nav-item sm-screen-hidden"
        >
          <span>
            header_build
          </span>
          <span
            class="title-arrow okx-header-footer-arrow-chevrons-down"
          />
        </div>
        <div
          class="collpase-menu collpase-center"
        >
          <div
            class="menu-item"
          >
            <div
              class="menu-item__icon  okx-header-footer-buy-with-card"
            />
            <div
              class="menu-item__text"
            >
              <div
                class="title"
              >
                header_buy_with_card
              </div>
              <div
                class="sub-title"
              >
                header_buy_with_other
              </div>
            </div>
          </div>
          <div
            class="menu-item"
          >
            <div
              class="menu-item__icon  okx-header-footer-p2p-trading"
            />
            <div
              class="menu-item__text"
            >
              <div
                class="title"
              >
                header_p2p
              </div>
              <div
                class="sub-title"
              >
                header_p2p_rate
              </div>
            </div>
          </div>
          <div
            class="menu-item"
          >
            <div
              class="menu-item__icon  okx-header-footer-third-party-payment"
            />
            <div
              class="menu-item__text"
            >
              <div
                class="title"
              >
                header_third_pay
              </div>
              <div
                class="sub-title"
              >
                header_third_pay_type
              </div>
            </div>
          </div>
        </div>
      </div>
      <div
        class="collpase-wrapper"
      >
        <div
          class="nav-item sm-screen-hidden"
        >
          <span>
            header_learn
          </span>
          <span
            class="title-arrow okx-header-footer-arrow-chevrons-down"
          />
        </div>
        <div
          class="collpase-menu collpase-center"
        >
          <div
            class="menu-item"
          >
            <div
              class="menu-item__icon  okx-header-footer-buy-with-card"
            />
            <div
              class="menu-item__text"
            >
              <div
                class="title"
              >
                header_buy_with_card
              </div>
              <div
                class="sub-title"
              >
                header_buy_with_other
              </div>
            </div>
          </div>
          <div
            class="menu-item"
          >
            <div
              class="menu-item__icon  okx-header-footer-p2p-trading"
            />
            <div
              class="menu-item__text"
            >
              <div
                class="title"
              >
                header_p2p
              </div>
              <div
                class="sub-title"
              >
                header_p2p_rate
              </div>
            </div>
          </div>
          <div
            class="menu-item"
          >
            <div
              class="menu-item__icon  okx-header-footer-third-party-payment"
            />
            <div
              class="menu-item__text"
            >
              <div
                class="title"
              >
                header_third_pay
              </div>
              <div
                class="sub-title"
              >
                header_third_pay_type
              </div>
            </div>
          </div>
        </div>
      </div>
      <div
        class="collpase-wrapper"
      >
        <div
          class="nav-item sm-screen-hidden"
        >
          <span>
            header_more
          </span>
          <span
            class="title-arrow okx-header-footer-arrow-chevrons-down"
          />
        </div>
        <div
          class="collpase-menu collpase-center"
        >
          <div
            class="menu-item"
          >
            <div
              class="menu-item__icon  okx-header-footer-buy-with-card"
            />
            <div
              class="menu-item__text"
            >
              <div
                class="title"
              >
                header_buy_with_card
              </div>
              <div
                class="sub-title"
              >
                header_buy_with_other
              </div>
            </div>
          </div>
          <div
            class="menu-item"
          >
            <div
              class="menu-item__icon  okx-header-footer-p2p-trading"
            />
            <div
              class="menu-item__text"
            >
              <div
                class="title"
              >
                header_p2p
              </div>
              <div
                class="sub-title"
              >
                header_p2p_rate
              </div>
            </div>
          </div>
          <div
            class="menu-item"
          >
            <div
              class="menu-item__icon  okx-header-footer-third-party-payment"
            />
            <div
              class="menu-item__text"
            >
              <div
                class="title"
              >
                header_third_pay
              </div>
              <div
                class="sub-title"
              >
                header_third_pay_type
              </div>
            </div>
          </div>
        </div>
      </div>
    </div>
    <div
      class="login-wrapper"
    >
      <span
        class="login sm-screen-hidden mr12"
      >
        common_login
      </span>
      <span
        class="signup"
      >
        common_signup
      </span>
      <span
        class="menu bg-screen-hidden okx-header-footer-hamburger"
      />
    </div>
    <div
      class="collpase-wrapper"
    >
      <div
        class="languages sm-screen-hidden"
      >
        <span
          class="okx-header-footer-language"
        />
      </div>
      <div
        class="collpase-menu collpase-right"
      >
        <div
          class="menu-item"
        >
          <div
            class="menu-item__text"
          >
            <div
              class="title"
            >
              English
            </div>
            <div
              class="sub-title"
            />
          </div>
        </div>
        <div
          class="menu-item"
        >
          <div
            class="menu-item__text"
          >
            <div
              class="title"
            >
              简体中文
            </div>
            <div
              class="sub-title"
            />
          </div>
        </div>
      </div>
    </div>
  </header>
  <div
    class="drawer-wrapper "
  >
    <div
      class="okx-header-footer-close"
    />
    <div
      class="login-wrapper"
    >
      <span
        class="signup mr12"
      >
        common_signup
      </span>
      <span
        class="login"
      >
        common_login
      </span>
    </div>
    <div
      class="mobile-language"
    >
      <div
        class="mobile-lang-btn active"
      >
        English
      </div>
      <div
        class="mobile-lang-btn "
      >
        简体中文
      </div>
    </div>
    <ul
      class="okx-dropdown-menu"
    >
      <li
        class=""
      >
        <div
          class="menu-item"
        >
          <div
            class="menu-item-title"
          >
            header_buy_crypto
          </div>
          <div
            class="menu-arrow okx-header-footer-arrow-chevrons-down"
          />
        </div>
        <div
          class="sub-item-wrapper"
        >
          <div
            class="sub-item"
          >
            header_buy_with_other
          </div>
          <div
            class="sub-item"
          >
            header_p2p_rate
          </div>
          <div
            class="sub-item"
          >
            header_third_pay_type
          </div>
        </div>
      </li>
      <li
        class=""
      >
        <div
          class="menu-item"
        >
          <div
            class="menu-item-title"
          >
            header_discover
          </div>
          <div
            class="menu-arrow okx-header-footer-arrow-chevrons-down"
          />
        </div>
        <div
          class="sub-item-wrapper"
        >
          <div
            class="sub-item"
          >
            header_buy_with_other
          </div>
          <div
            class="sub-item"
          >
            header_p2p_rate
          </div>
          <div
            class="sub-item"
          >
            header_third_pay_type
          </div>
        </div>
      </li>
      <li
        class=""
      >
        <div
          class="menu-item"
        >
          <div
            class="menu-item-title"
          >
            header_trade
          </div>
          <div
            class="menu-arrow okx-header-footer-arrow-chevrons-down"
          />
        </div>
        <div
          class="sub-item-wrapper"
        >
          <div
            class="sub-item"
          >
            header_buy_with_other
          </div>
          <div
            class="sub-item"
          >
            header_p2p_rate
          </div>
          <div
            class="sub-item"
          >
            header_third_pay_type
          </div>
        </div>
      </li>
      <li
        class=""
      >
        <div
          class="menu-item"
        >
          <div
            class="menu-item-title"
          >
            header_grow
          </div>
          <div
            class="menu-arrow okx-header-footer-arrow-chevrons-down"
          />
        </div>
        <div
          class="sub-item-wrapper"
        >
          <div
            class="sub-item"
          >
            header_buy_with_other
          </div>
          <div
            class="sub-item"
          >
            header_p2p_rate
          </div>
          <div
            class="sub-item"
          >
            header_third_pay_type
          </div>
        </div>
      </li>
      <li
        class=""
      >
        <div
          class="menu-item"
        >
          <div
            class="menu-item-title"
          >
            header_build
          </div>
          <div
            class="menu-arrow okx-header-footer-arrow-chevrons-down"
          />
        </div>
        <div
          class="sub-item-wrapper"
        >
          <div
            class="sub-item"
          >
            header_buy_with_other
          </div>
          <div
            class="sub-item"
          >
            header_p2p_rate
          </div>
          <div
            class="sub-item"
          >
            header_third_pay_type
          </div>
        </div>
      </li>
      <li
        class=""
      >
        <div
          class="menu-item"
        >
          <div
            class="menu-item-title"
          >
            header_learn
          </div>
          <div
            class="menu-arrow okx-header-footer-arrow-chevrons-down"
          />
        </div>
        <div
          class="sub-item-wrapper"
        >
          <div
            class="sub-item"
          >
            header_buy_with_other
          </div>
          <div
            class="sub-item"
          >
            header_p2p_rate
          </div>
          <div
            class="sub-item"
          >
            header_third_pay_type
          </div>
        </div>
      </li>
      <li
        class=""
      >
        <div
          class="menu-item"
        >
          <div
            class="menu-item-title"
          >
            header_more
          </div>
          <div
            class="menu-arrow okx-header-footer-arrow-chevrons-down"
          />
        </div>
        <div
          class="sub-item-wrapper"
        >
          <div
            class="sub-item"
          >
            header_buy_with_other
          </div>
          <div
            class="sub-item"
          >
            header_p2p_rate
          </div>
          <div
            class="sub-item"
          >
            header_third_pay_type
          </div>
        </div>
      </li>
    </ul>
  </div>
</div>
`;

exports[`header组件渲染测试 logo渲染 1`] = `<div />`;
